c ---- [ banner ] ------------------------------------------------------------
c
c Kissat SAT Solver
c 
c Copyright (c) 2021-2024 Armin Biere University of Freiburg
c Copyright (c) 2019-2021 Armin Biere Johannes Kepler University Linz
c 
c Version 4.0.4 unknown
c Apple clang version 17.0.0 (clang-1700.0.13.3) -W -Wall -O3 -DNDEBUG
c Thu Oct 16 20:09:30 UTC 2025 Darwin Sequoia-arm64.local 24.4.0 arm64
c
c ---- [ parsing ] -----------------------------------------------------------
c
c opened and reading DIMACS file:
c
c   ./5_3_n8.cnf
c
c parsed 'p cnf 28 616' header
c closing input after reading 8031 bytes (8 KB)
c finished parsing after 0.00 seconds
c
c ---- [ solving ] -----------------------------------------------------------
c
c seconds switched rate     size/glue tier1 binary    remaining
c        MB reductions conflicts size  tier2  irredundant
c         level restarts redundant glue  trail    variables
c
c *  0.00  2 0 0 0  0 0   0   0 0.0 0 0 0 0 0%   0 616 28 100%
c lucky in forward setting literals to true
c l  0.00  2 0 0 0  0 0   0   0 0.0 0 0 0 0 0%   0 616 28 100%
c 1  0.00  2 0 0 0  0 0   0   0 0.0 0 0 0 0 0%   0 616 28 100%
c
c ---- [ result ] ------------------------------------------------------------
c
s SATISFIABLE
v 1 2 3 4 -5 -6 -7 -8 -9 -10 11 12 13 -14 -15 16 17 18 -19 20 21 22 23 24 25
v -26 -27 -28 0
c
c ---- [ profiling ] ---------------------------------------------------------
c
c           0.00   51.30 %  parse
c           0.00   11.40 %  lucky
c           0.00    0.00 %  search
c           0.00    0.00 %  simplify
c =============================================
c           0.00  100.00 %  total
c
c ---- [ statistics ] --------------------------------------------------------
c
c conflicts:                                0                0.00 per second
c decisions:                                0                0.00 per conflict
c propagations:                            43            10483    per second
c switched:                                 0                0    interval
c
c ---- [ glue usage ] --------------------------------------------------------
c
c no clauses used at all
c
c ---- [ resources ] ---------------------------------------------------------
c
c maximum-resident-set-size:       1811939328 bytes       1728 MB
c process-time:                                              0.00 seconds
c
c ---- [ shutting down ] -----------------------------------------------------
c
c exit 10
